// Jest Snapshot v1, https://goo.gl/fbAQLP

exports[`should render header component 1`] = `
<div>
  this is the ExpenseDashboard
  <Connect(ExpenseListFilters) />
  <Connect(ExpensesSummary) />
  <Connect(ExpenseList) />
</div>
`;
