// Jest Snapshot v1, https://goo.gl/fbAQLP

exports[`should render header component 1`] = `
<header>
  <h1>
    Expensify
  </h1>
  <NavLink
    activeClassName="is-active"
    exact={true}
    to="/"
  >
    home 
  </NavLink>
  <NavLink
    activeClassName="is-active"
    to="/create"
  >
    create 
  </NavLink>
  <NavLink
    activeClassName="is-active"
    to="edit"
  >
    edit 
  </NavLink>
</header>
`;
