// Jest Snapshot v1, https://goo.gl/fbAQLP

exports[`should render login component 1`] = `
<div>
  <h1>
    login
  </h1>
</div>
`;
