// Jest Snapshot v1, https://goo.gl/fbAQLP

exports[`should render header component 1`] = `
<div>
  404! 
  <Link
    to="/"
  >
    home
  </Link>
</div>
`;
